// Jest Snapshot v1, https://goo.gl/fbAQLP

exports[`Util test Deep merge right empty object 1`] = `"<chapter-view></chapter-view>"`;
